[
  "Choose your preferred interface language.",
  "Current locale",
  "Error",
  "Language",
  "Language Settings",
  "Preview (English)",
  "Preview (Urdu)",
  "Saved ✓",
  "Saving…",
  "common.languages.en",
  "common.languages.ur",
  "common.status.updating",
  "home.title",
  "onboarding.band.helper",
  "onboarding.band.label",
  "onboarding.band.tip",
  "onboarding.date.helper",
  "onboarding.date.label",
  "onboarding.date.tip",
  "onboarding.errors.bandRange",
  "onboarding.errors.loadProfile",
  "onboarding.errors.phoneFormat",
  "onboarding.errors.saveProfile",
  "onboarding.errors.skip",
  "onboarding.footer.back",
  "onboarding.footer.finish",
  "onboarding.footer.next",
  "onboarding.footer.saving",
  "onboarding.footer.skip",
  "onboarding.footer.step",
  "onboarding.hero.eyebrow",
  "onboarding.hero.subtitle",
  "onboarding.hero.title",
  "onboarding.stepper.aria",
  "onboarding.stepper.current",
  "onboarding.stepper.done",
  "onboarding.stepper.next",
  "onboarding.whatsapp.emailFallback",
  "onboarding.whatsapp.numberHelper",
  "onboarding.whatsapp.numberLabel",
  "onboarding.whatsapp.optInCopy",
  "onboarding.whatsapp.optInTitle",
  "profile.actions.edit",
  "profile.confirm.delete",
  "profile.fields.country",
  "profile.fields.englishLevel",
  "profile.fields.examDate",
  "profile.fields.goalBand",
  "profile.fields.language",
  "profile.fields.name",
  "profile.fields.studyPreferences",
  "profile.fields.timeCommitment",
  "profile.loading",
  "profile.photo.alt",
  "profile.photo.change",
  "profile.photo.uploading",
  "profile.title",
  "profile.toasts.delete.failure",
  "profile.toasts.export.failure",
  "profile.toasts.export.ready",
  "profile.toasts.photo.failure",
  "profile.toasts.photo.invalidType",
  "profile.toasts.photo.tooLarge",
  "profile.toasts.photo.updated",
  "profileSetup.completeProfile",
  "profileSetup.description",
  "profileSetup.explanationLanguage",
  "profileSetup.finishContinue",
  "profileSetup.preferredLanguage",
  "profileSetup.saveDraft",
  "saved.auth.signIn",
  "saved.auth.subtitle",
  "saved.auth.title",
  "saved.categories.bookmark",
  "saved.categories.grammar",
  "saved.categories.listening",
  "saved.categories.reading",
  "saved.categories.speaking",
  "saved.categories.vocabulary",
  "saved.categories.writing",
  "saved.empty.actions.reading",
  "saved.empty.actions.vocabulary",
  "saved.empty.subtitle",
  "saved.empty.title",
  "saved.errors.generic",
  "saved.errors.http",
  "saved.group.count.one",
  "saved.group.count.other",
  "saved.hero.eyebrow",
  "saved.hero.subtitle",
  "saved.hero.title",
  "saved.items.open",
  "saved.items.remove",
  "saved.items.removing",
  "saved.items.savedOn",
  "saved.modules.bookmark",
  "saved.modules.flagged",
  "saved.modules.grammar",
  "saved.modules.listening",
  "saved.modules.other",
  "saved.modules.reading",
  "saved.modules.retake",
  "saved.modules.speaking",
  "saved.modules.vocabulary",
  "saved.modules.writing",
  "saved.pagination.loading",
  "saved.pagination.more",
  "studyPlan.empty.actions.autoAdjust",
  "studyPlan.empty.actions.creating",
  "studyPlan.empty.actions.onboarding",
  "studyPlan.empty.actions.start",
  "studyPlan.empty.description",
  "studyPlan.empty.footer",
  "studyPlan.empty.iconTitle",
  "studyPlan.empty.labels.dailyTime",
  "studyPlan.empty.labels.duration",
  "studyPlan.empty.labels.varies",
  "studyPlan.empty.labels.weeks",
  "studyPlan.empty.title",
  "studyPlan.hero.subtitle",
  "studyPlan.hero.title",
  "studyPlan.hero.viewProgress",
  "studyPlan.planCard.detail.focus",
  "studyPlan.planCard.empty",
  "studyPlan.planCard.estimate",
  "studyPlan.planCard.scheduled",
  "studyPlan.planCard.state.complete",
  "studyPlan.planCard.today",
  "studyPlan.planCard.toggleLabel",
  "studyPlan.planCard.totalMinutes",
  "studyPlan.sidebar.description",
  "studyPlan.sidebar.title",
  "studyPlan.sidebar.weeksShort",
  "studyPlan.toasts.authRequired",
  "studyPlan.toasts.createFailure",
  "studyPlan.toasts.planReady.description",
  "studyPlan.toasts.planReady.title",
  "studyPlan.toasts.progressSaved",
  "studyPlan.toasts.updateFailure",
  "studyPlan.weekGrid.empty",
  "studyPlan.weekGrid.minutesPlanned",
  "studyPlan.weekGrid.progress",
  "studyPlan.weekGrid.title"
]
