[
  "Choose your preferred interface language.",
  "Current locale",
  "Error",
  "Language",
  "Language Settings",
  "Preview (English)",
  "Preview (Urdu)",
  "Saved ✓",
  "Saving…",
  "home.title",
  "onboarding.band.helper",
  "onboarding.band.inputLabel",
  "onboarding.band.tip",
  "onboarding.buttons.back",
  "onboarding.buttons.continue",
  "onboarding.buttons.finish",
  "onboarding.buttons.saving",
  "onboarding.buttons.skip",
  "onboarding.date.helper",
  "onboarding.date.inputLabel",
  "onboarding.date.tip",
  "onboarding.errors.bandRange",
  "onboarding.errors.invalidPhone",
  "onboarding.errors.loadProfile",
  "onboarding.errors.notAuthenticated",
  "onboarding.errors.saveGeneric",
  "onboarding.errors.skip",
  "onboarding.header.badge",
  "onboarding.header.subtitle",
  "onboarding.header.title",
  "onboarding.progressLabel",
  "onboarding.stepper.aria",
  "onboarding.whatsapp.emailFallback",
  "onboarding.whatsapp.helper",
  "onboarding.whatsapp.optInDescription",
  "onboarding.whatsapp.optInTitle",
  "onboarding.whatsapp.phoneLabel",
  "onboarding.whatsapp.placeholder",
  "profileSetup.completeProfile",
  "profileSetup.description",
  "profileSetup.explanationLanguage",
  "profileSetup.finishContinue",
  "profileSetup.preferredLanguage",
  "profileSetup.saveDraft",
  "saved.actions.loadMore",
  "saved.actions.loading",
  "saved.actions.open",
  "saved.actions.remove",
  "saved.actions.removing",
  "saved.actions.signIn",
  "saved.authRequired.description",
  "saved.authRequired.title",
  "saved.empty.cta.reading",
  "saved.empty.cta.vocabulary",
  "saved.empty.description",
  "saved.empty.title",
  "saved.errors.generic",
  "saved.errors.loadFailed",
  "saved.group.count",
  "saved.item.savedOn",
  "saved.page.badge",
  "saved.page.subtitle",
  "saved.page.title",
  "studyPlan.emptyState.actions.autoAdjust",
  "studyPlan.emptyState.actions.onboarding",
  "studyPlan.emptyState.creating",
  "studyPlan.emptyState.dailyTimeLabel",
  "studyPlan.emptyState.dailyTimeVaries",
  "studyPlan.emptyState.description",
  "studyPlan.emptyState.durationLabel",
  "studyPlan.emptyState.durationValue",
  "studyPlan.emptyState.startPlan",
  "studyPlan.emptyState.streakNote",
  "studyPlan.emptyState.title",
  "studyPlan.page.subtitle",
  "studyPlan.page.title",
  "studyPlan.page.viewProgress",
  "studyPlan.planCard.estimateMinutes",
  "studyPlan.planCard.estimateWithHint",
  "studyPlan.planCard.noTasks",
  "studyPlan.planCard.scheduled",
  "studyPlan.planCard.today",
  "studyPlan.planCard.toggleAria",
  "studyPlan.planCard.totalMinutes",
  "studyPlan.sidebar.description",
  "studyPlan.sidebar.title",
  "studyPlan.sidebar.weekShort",
  "studyPlan.toast.createError",
  "studyPlan.toast.planReady.description",
  "studyPlan.toast.planReady.title",
  "studyPlan.toast.progressSaved",
  "studyPlan.toast.signInRequired",
  "studyPlan.toast.updateError"
]
