[
  "Choose your preferred interface language.",
  "Current locale",
  "Error",
  "Language",
  "Language Settings",
  "Preview (English)",
  "Preview (Urdu)",
  "Saved ✓",
  "Saving…",
  "home.title",
  "profileSetup.completeProfile",
  "profileSetup.description",
  "profileSetup.explanationLanguage",
  "profileSetup.finishContinue",
  "profileSetup.preferredLanguage",
  "profileSetup.saveDraft"
]
